<?xml version="1.0" encoding="utf-8"?>
<TestRun id="7955ca62-f048-4bf6-9714-ab0405e0d1f1" name="Pettugani.Preethika@APH000298 2025-08-06 09:00:31" runUser="INT\Pettugani.Preethika" xmlns="http://microsoft.com/schemas/VisualStudio/TeamTest/2010">
  <Times creation="2025-08-06T09:00:31.2035142+05:30" queuing="2025-08-06T09:00:31.2035150+05:30" start="2025-08-06T09:00:29.8700383+05:30" finish="2025-08-06T09:00:31.5608446+05:30" />
  <TestSettings name="default" id="73a0080a-d3b1-4a53-b52e-52e7911c0e76">
    <Deployment runDeploymentRoot="Pettugani.Preethika_APH000298_2025-08-06_09_00_31" />
  </TestSettings>
  <Results>
    <UnitTestResult executionId="a11bd4dc-84d2-43c2-8ff1-f2f87067569b" testId="c4071e0f-2010-0583-8303-e3b1c92d069f" testName="Delete_ReturnsNotFound_WhenMissing" computerName="APH000298" duration="00:00:00.0023147" startTime="2025-08-06T09:00:31.1848388+05:30" endTime="2025-08-06T09:00:31.1873213+05:30" testType="13cdc9d9-ddb5-4fa4-a97d-d965ccfc6d4b" outcome="Passed" testListId="8c84fa94-04c1-424b-9868-57a2d4851a1d" relativeResultsDirectory="a11bd4dc-84d2-43c2-8ff1-f2f87067569b" />
    <UnitTestResult executionId="a28f787d-5b73-4828-85fc-e67353b193ae" testId="ef1d3225-7d1b-8470-36a0-bc1c2a38244b" testName="Update_ReturnsOk_WhenSuccess" computerName="APH000298" duration="00:00:00.0808911" startTime="2025-08-06T09:00:31.0856421+05:30" endTime="2025-08-06T09:00:31.1700219+05:30" testType="13cdc9d9-ddb5-4fa4-a97d-d965ccfc6d4b" outcome="Passed" testListId="8c84fa94-04c1-424b-9868-57a2d4851a1d" relativeResultsDirectory="a28f787d-5b73-4828-85fc-e67353b193ae" />
    <UnitTestResult executionId="d0d137a5-8e4c-4f2a-93dc-4a97e9be7f3c" testId="4c1a11d1-a5b3-bdc6-37b6-d6e36f74364c" testName="GetAllCategoriesAsync_Should_Return_Distinct_Categories" computerName="APH000298" duration="00:00:00.4207193" startTime="2025-08-06T09:00:31.0849201+05:30" endTime="2025-08-06T09:00:31.5058254+05:30" testType="13cdc9d9-ddb5-4fa4-a97d-d965ccfc6d4b" outcome="Passed" testListId="8c84fa94-04c1-424b-9868-57a2d4851a1d" relativeResultsDirectory="d0d137a5-8e4c-4f2a-93dc-4a97e9be7f3c" />
    <UnitTestResult executionId="5d4fab2d-8261-46ab-b775-6380ffd39b0c" testId="eab44167-3faa-4cde-15e8-dfdc72846b56" testName="GetItemByNameAsync_Should_Return_Correct_Item" computerName="APH000298" duration="00:00:00.4218944" startTime="2025-08-06T09:00:31.0639621+05:30" endTime="2025-08-06T09:00:31.5062722+05:30" testType="13cdc9d9-ddb5-4fa4-a97d-d965ccfc6d4b" outcome="Passed" testListId="8c84fa94-04c1-424b-9868-57a2d4851a1d" relativeResultsDirectory="5d4fab2d-8261-46ab-b775-6380ffd39b0c" />
    <UnitTestResult executionId="3c5a5eef-d2ad-4b92-86f0-eb0ebb5fa47a" testId="f6e166ff-d2f2-bc60-7840-eded48e90557" testName="GetAllCategories_ReturnsOk" computerName="APH000298" duration="00:00:00.0020666" startTime="2025-08-06T09:00:31.1848413+05:30" endTime="2025-08-06T09:00:31.1870273+05:30" testType="13cdc9d9-ddb5-4fa4-a97d-d965ccfc6d4b" outcome="Passed" testListId="8c84fa94-04c1-424b-9868-57a2d4851a1d" relativeResultsDirectory="3c5a5eef-d2ad-4b92-86f0-eb0ebb5fa47a" />
    <UnitTestResult executionId="d6c2fccd-d3b4-41fc-bbbc-b06860f98c5d" testId="947ca4b6-776e-a782-7c89-69087d8c66cf" testName="GetLowStockItemsAsync_Should_Return_Items_Below_Threshold" computerName="APH000298" duration="00:00:00.4213701" startTime="2025-08-06T09:00:31.0652752+05:30" endTime="2025-08-06T09:00:31.5059366+05:30" testType="13cdc9d9-ddb5-4fa4-a97d-d965ccfc6d4b" outcome="Passed" testListId="8c84fa94-04c1-424b-9868-57a2d4851a1d" relativeResultsDirectory="d6c2fccd-d3b4-41fc-bbbc-b06860f98c5d" />
    <UnitTestResult executionId="c53ce36b-5c9f-465c-adf5-758809e958a1" testId="1cd93fa4-146d-a28b-0eff-9edc95da5d66" testName="GetItemsByCategoryAsync_Should_Filter_By_Category" computerName="APH000298" duration="00:00:00.4212261" startTime="2025-08-06T09:00:31.0848944+05:30" endTime="2025-08-06T09:00:31.5063482+05:30" testType="13cdc9d9-ddb5-4fa4-a97d-d965ccfc6d4b" outcome="Passed" testListId="8c84fa94-04c1-424b-9868-57a2d4851a1d" relativeResultsDirectory="c53ce36b-5c9f-465c-adf5-758809e958a1" />
    <UnitTestResult executionId="9b3cd4fa-c7ff-4e91-83d7-e53de154282c" testId="6ee186b2-0e44-8992-6fe9-98879d026a35" testName="DeleteItemAsync_Should_Return_False_For_NonExisting" computerName="APH000298" duration="00:00:00.4213051" startTime="2025-08-06T09:00:31.0849864+05:30" endTime="2025-08-06T09:00:31.5064709+05:30" testType="13cdc9d9-ddb5-4fa4-a97d-d965ccfc6d4b" outcome="Passed" testListId="8c84fa94-04c1-424b-9868-57a2d4851a1d" relativeResultsDirectory="9b3cd4fa-c7ff-4e91-83d7-e53de154282c" />
    <UnitTestResult executionId="5ac1ebce-e438-43b5-a52b-f21a3b963a5c" testId="880a9c8b-361a-012a-b11d-dcd8237658fe" testName="GetById_ReturnsNotFound_WhenItemMissing" computerName="APH000298" duration="00:00:00.0812895" startTime="2025-08-06T09:00:31.0850622+05:30" endTime="2025-08-06T09:00:31.1700245+05:30" testType="13cdc9d9-ddb5-4fa4-a97d-d965ccfc6d4b" outcome="Passed" testListId="8c84fa94-04c1-424b-9868-57a2d4851a1d" relativeResultsDirectory="5ac1ebce-e438-43b5-a52b-f21a3b963a5c" />
    <UnitTestResult executionId="91acac9d-5528-43a5-8feb-1fa499eb339d" testId="5a522a12-a255-f1ae-fbb4-d9eb98b20a10" testName="DeleteItemAsync_Should_Remove_Existing_Item" computerName="APH000298" duration="00:00:00.4139895" startTime="2025-08-06T09:00:31.0849538+05:30" endTime="2025-08-06T09:00:31.4991685+05:30" testType="13cdc9d9-ddb5-4fa4-a97d-d965ccfc6d4b" outcome="Passed" testListId="8c84fa94-04c1-424b-9868-57a2d4851a1d" relativeResultsDirectory="91acac9d-5528-43a5-8feb-1fa499eb339d" />
    <UnitTestResult executionId="d3121325-5878-40ca-a73d-6cd193406576" testId="01fd8323-5248-b0e1-48a0-787e439b159b" testName="GetItemsByCategory_ReturnsOk" computerName="APH000298" duration="00:00:00.0014476" startTime="2025-08-06T09:00:31.1847221+05:30" endTime="2025-08-06T09:00:31.1863839+05:30" testType="13cdc9d9-ddb5-4fa4-a97d-d965ccfc6d4b" outcome="Passed" testListId="8c84fa94-04c1-424b-9868-57a2d4851a1d" relativeResultsDirectory="d3121325-5878-40ca-a73d-6cd193406576" />
    <UnitTestResult executionId="26086df7-b595-41e8-bab7-382ec2ef1cd4" testId="30d799aa-52b4-690b-e359-f3bb69cda9e8" testName="GetItemByIdAsync_Should_Return_Correct_Item" computerName="APH000298" duration="00:00:00.3898366" startTime="2025-08-06T09:00:31.0639424+05:30" endTime="2025-08-06T09:00:31.4742107+05:30" testType="13cdc9d9-ddb5-4fa4-a97d-d965ccfc6d4b" outcome="Passed" testListId="8c84fa94-04c1-424b-9868-57a2d4851a1d" relativeResultsDirectory="26086df7-b595-41e8-bab7-382ec2ef1cd4" />
    <UnitTestResult executionId="b801e492-72c1-4e9c-9b98-531eccda58e6" testId="ddad7940-ef84-884c-0189-d64048c167a3" testName="GetByName_ReturnsOk_WhenFound" computerName="APH000298" duration="00:00:00.0813115" startTime="2025-08-06T09:00:31.0850734+05:30" endTime="2025-08-06T09:00:31.1700262+05:30" testType="13cdc9d9-ddb5-4fa4-a97d-d965ccfc6d4b" outcome="Passed" testListId="8c84fa94-04c1-424b-9868-57a2d4851a1d" relativeResultsDirectory="b801e492-72c1-4e9c-9b98-531eccda58e6" />
    <UnitTestResult executionId="5e1bd639-c523-4100-8f0f-739c79389d21" testId="9727eb60-e010-b07a-1326-dfeefa553bcd" testName="UpdateItemQuantityAsync_Should_Add_Quantity" computerName="APH000298" duration="00:00:00.3915667" startTime="2025-08-06T09:00:31.0644490+05:30" endTime="2025-08-06T09:00:31.4761114+05:30" testType="13cdc9d9-ddb5-4fa4-a97d-d965ccfc6d4b" outcome="Passed" testListId="8c84fa94-04c1-424b-9868-57a2d4851a1d" relativeResultsDirectory="5e1bd639-c523-4100-8f0f-739c79389d21" />
    <UnitTestResult executionId="bf9dbdf7-a1a2-4bf0-b8f8-5dd23f074745" testId="3294cd29-0e3f-7d72-018a-39f6722c5862" testName="CreateItemAsync_Should_Add_Item" computerName="APH000298" duration="00:00:00.3898545" startTime="2025-08-06T09:00:31.0637904+05:30" endTime="2025-08-06T09:00:31.4742067+05:30" testType="13cdc9d9-ddb5-4fa4-a97d-d965ccfc6d4b" outcome="Passed" testListId="8c84fa94-04c1-424b-9868-57a2d4851a1d" relativeResultsDirectory="bf9dbdf7-a1a2-4bf0-b8f8-5dd23f074745" />
    <UnitTestResult executionId="5f2ed78b-1b50-4d74-8b8d-060944b50e42" testId="a25dbdae-7c6e-c633-a49a-e0ae85d1258a" testName="UpdateItemQuantityAsync_Should_Return_Null_For_Negative_Quantity" computerName="APH000298" duration="00:00:00.3896469" startTime="2025-08-06T09:00:31.0649334+05:30" endTime="2025-08-06T09:00:31.4740215+05:30" testType="13cdc9d9-ddb5-4fa4-a97d-d965ccfc6d4b" outcome="Passed" testListId="8c84fa94-04c1-424b-9868-57a2d4851a1d" relativeResultsDirectory="5f2ed78b-1b50-4d74-8b8d-060944b50e42" />
    <UnitTestResult executionId="19cbb203-1322-41e4-a702-648093e49094" testId="b8bc5a8b-c708-6fc0-5d59-0d31431bb1b4" testName="UpdateItemAsync_Should_Update_All_Fields" computerName="APH000298" duration="00:00:00.3915573" startTime="2025-08-06T09:00:31.0639162+05:30" endTime="2025-08-06T09:00:31.4761081+05:30" testType="13cdc9d9-ddb5-4fa4-a97d-d965ccfc6d4b" outcome="Passed" testListId="8c84fa94-04c1-424b-9868-57a2d4851a1d" relativeResultsDirectory="19cbb203-1322-41e4-a702-648093e49094" />
    <UnitTestResult executionId="508834e7-f2be-4fcf-aa2e-2c5604c6337b" testId="b03d2f80-d967-18da-f131-bb2ebe1d1f56" testName="GetAll_ReturnsOkWithItems" computerName="APH000298" duration="00:00:00.0812910" startTime="2025-08-06T09:00:31.0850034+05:30" endTime="2025-08-06T09:00:31.1700180+05:30" testType="13cdc9d9-ddb5-4fa4-a97d-d965ccfc6d4b" outcome="Passed" testListId="8c84fa94-04c1-424b-9868-57a2d4851a1d" relativeResultsDirectory="508834e7-f2be-4fcf-aa2e-2c5604c6337b" />
    <UnitTestResult executionId="9d133250-0b5e-4ebd-b4f6-e4de7ec2d505" testId="884eecbe-ba7e-37f3-6db2-b57bb3574464" testName="GetById_ReturnsOk_WhenItemFound" computerName="APH000298" duration="00:00:00.0812932" startTime="2025-08-06T09:00:31.0850355+05:30" endTime="2025-08-06T09:00:31.1700181+05:30" testType="13cdc9d9-ddb5-4fa4-a97d-d965ccfc6d4b" outcome="Passed" testListId="8c84fa94-04c1-424b-9868-57a2d4851a1d" relativeResultsDirectory="9d133250-0b5e-4ebd-b4f6-e4de7ec2d505" />
    <UnitTestResult executionId="21c49075-0793-4265-8abf-feaf39b91e30" testId="4bb1c181-190a-4514-72f6-7c90669f7c65" testName="Delete_ReturnsOk_WhenDeleted" computerName="APH000298" duration="00:00:00.0022761" startTime="2025-08-06T09:00:31.1848072+05:30" endTime="2025-08-06T09:00:31.1872089+05:30" testType="13cdc9d9-ddb5-4fa4-a97d-d965ccfc6d4b" outcome="Passed" testListId="8c84fa94-04c1-424b-9868-57a2d4851a1d" relativeResultsDirectory="21c49075-0793-4265-8abf-feaf39b91e30" />
    <UnitTestResult executionId="55764848-7841-4393-b606-dbb483d84fc8" testId="5224c2af-b490-89dc-283c-a040d1ee7705" testName="Update_ReturnsNotFound_WhenNull" computerName="APH000298" duration="00:00:00.0809290" startTime="2025-08-06T09:00:31.0856526+05:30" endTime="2025-08-06T09:00:31.1700258+05:30" testType="13cdc9d9-ddb5-4fa4-a97d-d965ccfc6d4b" outcome="Passed" testListId="8c84fa94-04c1-424b-9868-57a2d4851a1d" relativeResultsDirectory="55764848-7841-4393-b606-dbb483d84fc8" />
    <UnitTestResult executionId="87ad2d96-2431-42a2-846a-b8014f0a12e2" testId="9baffbe9-d008-d31e-ffe5-2c272e123dc7" testName="UpdateQuantity_ReturnsBadRequest_WhenInvalid" computerName="APH000298" duration="00:00:00.0016419" startTime="2025-08-06T09:00:31.1762962+05:30" endTime="2025-08-06T09:00:31.1781728+05:30" testType="13cdc9d9-ddb5-4fa4-a97d-d965ccfc6d4b" outcome="Passed" testListId="8c84fa94-04c1-424b-9868-57a2d4851a1d" relativeResultsDirectory="87ad2d96-2431-42a2-846a-b8014f0a12e2" />
    <UnitTestResult executionId="95fab26e-f0c4-44db-9f2c-4065ccc03b1f" testId="2bdd34bc-95fe-bf16-7f6b-e743ce9f9c88" testName="GetLowStockItems_ReturnsOk" computerName="APH000298" duration="00:00:00.0018216" startTime="2025-08-06T09:00:31.1763228+05:30" endTime="2025-08-06T09:00:31.1783285+05:30" testType="13cdc9d9-ddb5-4fa4-a97d-d965ccfc6d4b" outcome="Passed" testListId="8c84fa94-04c1-424b-9868-57a2d4851a1d" relativeResultsDirectory="95fab26e-f0c4-44db-9f2c-4065ccc03b1f" />
    <UnitTestResult executionId="671acce4-2be0-4e37-9106-849c87f3f9c7" testId="9de4da9b-1172-a816-287d-f9adf71af856" testName="GetAllItemsAsync_Should_Return_All_Items" computerName="APH000298" duration="00:00:00.4223139" startTime="2025-08-06T09:00:31.0637984+05:30" endTime="2025-08-06T09:00:31.5074839+05:30" testType="13cdc9d9-ddb5-4fa4-a97d-d965ccfc6d4b" outcome="Passed" testListId="8c84fa94-04c1-424b-9868-57a2d4851a1d" relativeResultsDirectory="671acce4-2be0-4e37-9106-849c87f3f9c7" />
    <UnitTestResult executionId="787146a1-7edc-49f2-9905-90ab906e149d" testId="9c9a6c26-2d63-4cc3-0dfa-0f7c86f467a9" testName="UpdateQuantity_ReturnsOk_WhenValid" computerName="APH000298" duration="00:00:00.0011588" startTime="2025-08-06T09:00:31.1847829+05:30" endTime="2025-08-06T09:00:31.1861103+05:30" testType="13cdc9d9-ddb5-4fa4-a97d-d965ccfc6d4b" outcome="Passed" testListId="8c84fa94-04c1-424b-9868-57a2d4851a1d" relativeResultsDirectory="787146a1-7edc-49f2-9905-90ab906e149d" />
    <UnitTestResult executionId="ad274b6f-dea5-4dcc-ab9d-a5c70da82beb" testId="88607aa5-9407-e4cb-0193-213656de90f0" testName="GetByName_ReturnsContent_WhenNotFound" computerName="APH000298" duration="00:00:00.0814049" startTime="2025-08-06T09:00:31.0850841+05:30" endTime="2025-08-06T09:00:31.1700199+05:30" testType="13cdc9d9-ddb5-4fa4-a97d-d965ccfc6d4b" outcome="Passed" testListId="8c84fa94-04c1-424b-9868-57a2d4851a1d" relativeResultsDirectory="ad274b6f-dea5-4dcc-ab9d-a5c70da82beb" />
    <UnitTestResult executionId="fcf02aee-9a0d-4726-a4ee-ec1d238b0c44" testId="9417d89a-340b-efd2-2902-0cc84933b18a" testName="GetHighStockItemsAsync_Should_Return_Items_Above_Threshold" computerName="APH000298" duration="00:00:00.4216004" startTime="2025-08-06T09:00:31.0657147+05:30" endTime="2025-08-06T09:00:31.5059334+05:30" testType="13cdc9d9-ddb5-4fa4-a97d-d965ccfc6d4b" outcome="Passed" testListId="8c84fa94-04c1-424b-9868-57a2d4851a1d" relativeResultsDirectory="fcf02aee-9a0d-4726-a4ee-ec1d238b0c44" />
    <UnitTestResult executionId="a3f35efc-1c9e-415f-aebd-2d55533c36f7" testId="2fc43076-2ec6-0ad0-e769-912e1abebada" testName="Create_ReturnsCreatedAtAction" computerName="APH000298" duration="00:00:00.0843579" startTime="2025-08-06T09:00:31.0851025+05:30" endTime="2025-08-06T09:00:31.1700466+05:30" testType="13cdc9d9-ddb5-4fa4-a97d-d965ccfc6d4b" outcome="Passed" testListId="8c84fa94-04c1-424b-9868-57a2d4851a1d" relativeResultsDirectory="a3f35efc-1c9e-415f-aebd-2d55533c36f7" />
    <UnitTestResult executionId="177f0181-51aa-4341-ba25-c802cad03d54" testId="53fcc8bb-36f8-1349-313a-ca712a1aaa55" testName="GetHighStockItems_ReturnsOk" computerName="APH000298" duration="00:00:00.0016373" startTime="2025-08-06T09:00:31.1763267+05:30" endTime="2025-08-06T09:00:31.1781688+05:30" testType="13cdc9d9-ddb5-4fa4-a97d-d965ccfc6d4b" outcome="Passed" testListId="8c84fa94-04c1-424b-9868-57a2d4851a1d" relativeResultsDirectory="177f0181-51aa-4341-ba25-c802cad03d54" />
  </Results>
  <TestDefinitions>
    <UnitTest name="GetItemsByCategory_ReturnsOk" storage="c:\users\pettugani.preethika\simple inventory tracker\backend\simpleinventorytracker.tests\bin\debug\net8.0\simpleinventorytracker.tests.dll" id="01fd8323-5248-b0e1-48a0-787e439b159b">
      <Execution id="d3121325-5878-40ca-a73d-6cd193406576" />
      <TestMethod codeBase="C:\Users\Pettugani.Preethika\Simple Inventory Tracker\Backend\SimpleInventoryTracker.Tests\bin\Debug\net8.0\SimpleInventoryTracker.Tests.dll" adapterTypeName="executor://mstestadapter/v2" className="SimpleInventoryTracker.Tests.Controllers.ItemControllerTests" name="GetItemsByCategory_ReturnsOk" />
    </UnitTest>
    <UnitTest name="GetByName_ReturnsContent_WhenNotFound" storage="c:\users\pettugani.preethika\simple inventory tracker\backend\simpleinventorytracker.tests\bin\debug\net8.0\simpleinventorytracker.tests.dll" id="88607aa5-9407-e4cb-0193-213656de90f0">
      <Execution id="ad274b6f-dea5-4dcc-ab9d-a5c70da82beb" />
      <TestMethod codeBase="C:\Users\Pettugani.Preethika\Simple Inventory Tracker\Backend\SimpleInventoryTracker.Tests\bin\Debug\net8.0\SimpleInventoryTracker.Tests.dll" adapterTypeName="executor://mstestadapter/v2" className="SimpleInventoryTracker.Tests.Controllers.ItemControllerTests" name="GetByName_ReturnsContent_WhenNotFound" />
    </UnitTest>
    <UnitTest name="Delete_ReturnsOk_WhenDeleted" storage="c:\users\pettugani.preethika\simple inventory tracker\backend\simpleinventorytracker.tests\bin\debug\net8.0\simpleinventorytracker.tests.dll" id="4bb1c181-190a-4514-72f6-7c90669f7c65">
      <Execution id="21c49075-0793-4265-8abf-feaf39b91e30" />
      <TestMethod codeBase="C:\Users\Pettugani.Preethika\Simple Inventory Tracker\Backend\SimpleInventoryTracker.Tests\bin\Debug\net8.0\SimpleInventoryTracker.Tests.dll" adapterTypeName="executor://mstestadapter/v2" className="SimpleInventoryTracker.Tests.Controllers.ItemControllerTests" name="Delete_ReturnsOk_WhenDeleted" />
    </UnitTest>
    <UnitTest name="UpdateItemQuantityAsync_Should_Return_Null_For_Negative_Quantity" storage="c:\users\pettugani.preethika\simple inventory tracker\backend\simpleinventorytracker.tests\bin\debug\net8.0\simpleinventorytracker.tests.dll" id="a25dbdae-7c6e-c633-a49a-e0ae85d1258a">
      <Execution id="5f2ed78b-1b50-4d74-8b8d-060944b50e42" />
      <TestMethod codeBase="C:\Users\Pettugani.Preethika\Simple Inventory Tracker\Backend\SimpleInventoryTracker.Tests\bin\Debug\net8.0\SimpleInventoryTracker.Tests.dll" adapterTypeName="executor://mstestadapter/v2" className="SimpleInventoryTracker.Tests.Services.ItemServiceTests" name="UpdateItemQuantityAsync_Should_Return_Null_For_Negative_Quantity" />
    </UnitTest>
    <UnitTest name="GetHighStockItemsAsync_Should_Return_Items_Above_Threshold" storage="c:\users\pettugani.preethika\simple inventory tracker\backend\simpleinventorytracker.tests\bin\debug\net8.0\simpleinventorytracker.tests.dll" id="9417d89a-340b-efd2-2902-0cc84933b18a">
      <Execution id="fcf02aee-9a0d-4726-a4ee-ec1d238b0c44" />
      <TestMethod codeBase="C:\Users\Pettugani.Preethika\Simple Inventory Tracker\Backend\SimpleInventoryTracker.Tests\bin\Debug\net8.0\SimpleInventoryTracker.Tests.dll" adapterTypeName="executor://mstestadapter/v2" className="SimpleInventoryTracker.Tests.Services.ItemServiceTests" name="GetHighStockItemsAsync_Should_Return_Items_Above_Threshold" />
    </UnitTest>
    <UnitTest name="Create_ReturnsCreatedAtAction" storage="c:\users\pettugani.preethika\simple inventory tracker\backend\simpleinventorytracker.tests\bin\debug\net8.0\simpleinventorytracker.tests.dll" id="2fc43076-2ec6-0ad0-e769-912e1abebada">
      <Execution id="a3f35efc-1c9e-415f-aebd-2d55533c36f7" />
      <TestMethod codeBase="C:\Users\Pettugani.Preethika\Simple Inventory Tracker\Backend\SimpleInventoryTracker.Tests\bin\Debug\net8.0\SimpleInventoryTracker.Tests.dll" adapterTypeName="executor://mstestadapter/v2" className="SimpleInventoryTracker.Tests.Controllers.ItemControllerTests" name="Create_ReturnsCreatedAtAction" />
    </UnitTest>
    <UnitTest name="UpdateQuantity_ReturnsOk_WhenValid" storage="c:\users\pettugani.preethika\simple inventory tracker\backend\simpleinventorytracker.tests\bin\debug\net8.0\simpleinventorytracker.tests.dll" id="9c9a6c26-2d63-4cc3-0dfa-0f7c86f467a9">
      <Execution id="787146a1-7edc-49f2-9905-90ab906e149d" />
      <TestMethod codeBase="C:\Users\Pettugani.Preethika\Simple Inventory Tracker\Backend\SimpleInventoryTracker.Tests\bin\Debug\net8.0\SimpleInventoryTracker.Tests.dll" adapterTypeName="executor://mstestadapter/v2" className="SimpleInventoryTracker.Tests.Controllers.ItemControllerTests" name="UpdateQuantity_ReturnsOk_WhenValid" />
    </UnitTest>
    <UnitTest name="GetLowStockItems_ReturnsOk" storage="c:\users\pettugani.preethika\simple inventory tracker\backend\simpleinventorytracker.tests\bin\debug\net8.0\simpleinventorytracker.tests.dll" id="2bdd34bc-95fe-bf16-7f6b-e743ce9f9c88">
      <Execution id="95fab26e-f0c4-44db-9f2c-4065ccc03b1f" />
      <TestMethod codeBase="C:\Users\Pettugani.Preethika\Simple Inventory Tracker\Backend\SimpleInventoryTracker.Tests\bin\Debug\net8.0\SimpleInventoryTracker.Tests.dll" adapterTypeName="executor://mstestadapter/v2" className="SimpleInventoryTracker.Tests.Controllers.ItemControllerTests" name="GetLowStockItems_ReturnsOk" />
    </UnitTest>
    <UnitTest name="GetAllCategories_ReturnsOk" storage="c:\users\pettugani.preethika\simple inventory tracker\backend\simpleinventorytracker.tests\bin\debug\net8.0\simpleinventorytracker.tests.dll" id="f6e166ff-d2f2-bc60-7840-eded48e90557">
      <Execution id="3c5a5eef-d2ad-4b92-86f0-eb0ebb5fa47a" />
      <TestMethod codeBase="C:\Users\Pettugani.Preethika\Simple Inventory Tracker\Backend\SimpleInventoryTracker.Tests\bin\Debug\net8.0\SimpleInventoryTracker.Tests.dll" adapterTypeName="executor://mstestadapter/v2" className="SimpleInventoryTracker.Tests.Controllers.ItemControllerTests" name="GetAllCategories_ReturnsOk" />
    </UnitTest>
    <UnitTest name="GetItemByIdAsync_Should_Return_Correct_Item" storage="c:\users\pettugani.preethika\simple inventory tracker\backend\simpleinventorytracker.tests\bin\debug\net8.0\simpleinventorytracker.tests.dll" id="30d799aa-52b4-690b-e359-f3bb69cda9e8">
      <Execution id="26086df7-b595-41e8-bab7-382ec2ef1cd4" />
      <TestMethod codeBase="C:\Users\Pettugani.Preethika\Simple Inventory Tracker\Backend\SimpleInventoryTracker.Tests\bin\Debug\net8.0\SimpleInventoryTracker.Tests.dll" adapterTypeName="executor://mstestadapter/v2" className="SimpleInventoryTracker.Tests.Services.ItemServiceTests" name="GetItemByIdAsync_Should_Return_Correct_Item" />
    </UnitTest>
    <UnitTest name="GetAllItemsAsync_Should_Return_All_Items" storage="c:\users\pettugani.preethika\simple inventory tracker\backend\simpleinventorytracker.tests\bin\debug\net8.0\simpleinventorytracker.tests.dll" id="9de4da9b-1172-a816-287d-f9adf71af856">
      <Execution id="671acce4-2be0-4e37-9106-849c87f3f9c7" />
      <TestMethod codeBase="C:\Users\Pettugani.Preethika\Simple Inventory Tracker\Backend\SimpleInventoryTracker.Tests\bin\Debug\net8.0\SimpleInventoryTracker.Tests.dll" adapterTypeName="executor://mstestadapter/v2" className="SimpleInventoryTracker.Tests.Services.ItemServiceTests" name="GetAllItemsAsync_Should_Return_All_Items" />
    </UnitTest>
    <UnitTest name="DeleteItemAsync_Should_Return_False_For_NonExisting" storage="c:\users\pettugani.preethika\simple inventory tracker\backend\simpleinventorytracker.tests\bin\debug\net8.0\simpleinventorytracker.tests.dll" id="6ee186b2-0e44-8992-6fe9-98879d026a35">
      <Execution id="9b3cd4fa-c7ff-4e91-83d7-e53de154282c" />
      <TestMethod codeBase="C:\Users\Pettugani.Preethika\Simple Inventory Tracker\Backend\SimpleInventoryTracker.Tests\bin\Debug\net8.0\SimpleInventoryTracker.Tests.dll" adapterTypeName="executor://mstestadapter/v2" className="SimpleInventoryTracker.Tests.Services.ItemServiceTests" name="DeleteItemAsync_Should_Return_False_For_NonExisting" />
    </UnitTest>
    <UnitTest name="GetItemByNameAsync_Should_Return_Correct_Item" storage="c:\users\pettugani.preethika\simple inventory tracker\backend\simpleinventorytracker.tests\bin\debug\net8.0\simpleinventorytracker.tests.dll" id="eab44167-3faa-4cde-15e8-dfdc72846b56">
      <Execution id="5d4fab2d-8261-46ab-b775-6380ffd39b0c" />
      <TestMethod codeBase="C:\Users\Pettugani.Preethika\Simple Inventory Tracker\Backend\SimpleInventoryTracker.Tests\bin\Debug\net8.0\SimpleInventoryTracker.Tests.dll" adapterTypeName="executor://mstestadapter/v2" className="SimpleInventoryTracker.Tests.Services.ItemServiceTests" name="GetItemByNameAsync_Should_Return_Correct_Item" />
    </UnitTest>
    <UnitTest name="Delete_ReturnsNotFound_WhenMissing" storage="c:\users\pettugani.preethika\simple inventory tracker\backend\simpleinventorytracker.tests\bin\debug\net8.0\simpleinventorytracker.tests.dll" id="c4071e0f-2010-0583-8303-e3b1c92d069f">
      <Execution id="a11bd4dc-84d2-43c2-8ff1-f2f87067569b" />
      <TestMethod codeBase="C:\Users\Pettugani.Preethika\Simple Inventory Tracker\Backend\SimpleInventoryTracker.Tests\bin\Debug\net8.0\SimpleInventoryTracker.Tests.dll" adapterTypeName="executor://mstestadapter/v2" className="SimpleInventoryTracker.Tests.Controllers.ItemControllerTests" name="Delete_ReturnsNotFound_WhenMissing" />
    </UnitTest>
    <UnitTest name="Update_ReturnsOk_WhenSuccess" storage="c:\users\pettugani.preethika\simple inventory tracker\backend\simpleinventorytracker.tests\bin\debug\net8.0\simpleinventorytracker.tests.dll" id="ef1d3225-7d1b-8470-36a0-bc1c2a38244b">
      <Execution id="a28f787d-5b73-4828-85fc-e67353b193ae" />
      <TestMethod codeBase="C:\Users\Pettugani.Preethika\Simple Inventory Tracker\Backend\SimpleInventoryTracker.Tests\bin\Debug\net8.0\SimpleInventoryTracker.Tests.dll" adapterTypeName="executor://mstestadapter/v2" className="SimpleInventoryTracker.Tests.Controllers.ItemControllerTests" name="Update_ReturnsOk_WhenSuccess" />
    </UnitTest>
    <UnitTest name="GetLowStockItemsAsync_Should_Return_Items_Below_Threshold" storage="c:\users\pettugani.preethika\simple inventory tracker\backend\simpleinventorytracker.tests\bin\debug\net8.0\simpleinventorytracker.tests.dll" id="947ca4b6-776e-a782-7c89-69087d8c66cf">
      <Execution id="d6c2fccd-d3b4-41fc-bbbc-b06860f98c5d" />
      <TestMethod codeBase="C:\Users\Pettugani.Preethika\Simple Inventory Tracker\Backend\SimpleInventoryTracker.Tests\bin\Debug\net8.0\SimpleInventoryTracker.Tests.dll" adapterTypeName="executor://mstestadapter/v2" className="SimpleInventoryTracker.Tests.Services.ItemServiceTests" name="GetLowStockItemsAsync_Should_Return_Items_Below_Threshold" />
    </UnitTest>
    <UnitTest name="UpdateItemQuantityAsync_Should_Add_Quantity" storage="c:\users\pettugani.preethika\simple inventory tracker\backend\simpleinventorytracker.tests\bin\debug\net8.0\simpleinventorytracker.tests.dll" id="9727eb60-e010-b07a-1326-dfeefa553bcd">
      <Execution id="5e1bd639-c523-4100-8f0f-739c79389d21" />
      <TestMethod codeBase="C:\Users\Pettugani.Preethika\Simple Inventory Tracker\Backend\SimpleInventoryTracker.Tests\bin\Debug\net8.0\SimpleInventoryTracker.Tests.dll" adapterTypeName="executor://mstestadapter/v2" className="SimpleInventoryTracker.Tests.Services.ItemServiceTests" name="UpdateItemQuantityAsync_Should_Add_Quantity" />
    </UnitTest>
    <UnitTest name="GetByName_ReturnsOk_WhenFound" storage="c:\users\pettugani.preethika\simple inventory tracker\backend\simpleinventorytracker.tests\bin\debug\net8.0\simpleinventorytracker.tests.dll" id="ddad7940-ef84-884c-0189-d64048c167a3">
      <Execution id="b801e492-72c1-4e9c-9b98-531eccda58e6" />
      <TestMethod codeBase="C:\Users\Pettugani.Preethika\Simple Inventory Tracker\Backend\SimpleInventoryTracker.Tests\bin\Debug\net8.0\SimpleInventoryTracker.Tests.dll" adapterTypeName="executor://mstestadapter/v2" className="SimpleInventoryTracker.Tests.Controllers.ItemControllerTests" name="GetByName_ReturnsOk_WhenFound" />
    </UnitTest>
    <UnitTest name="Update_ReturnsNotFound_WhenNull" storage="c:\users\pettugani.preethika\simple inventory tracker\backend\simpleinventorytracker.tests\bin\debug\net8.0\simpleinventorytracker.tests.dll" id="5224c2af-b490-89dc-283c-a040d1ee7705">
      <Execution id="55764848-7841-4393-b606-dbb483d84fc8" />
      <TestMethod codeBase="C:\Users\Pettugani.Preethika\Simple Inventory Tracker\Backend\SimpleInventoryTracker.Tests\bin\Debug\net8.0\SimpleInventoryTracker.Tests.dll" adapterTypeName="executor://mstestadapter/v2" className="SimpleInventoryTracker.Tests.Controllers.ItemControllerTests" name="Update_ReturnsNotFound_WhenNull" />
    </UnitTest>
    <UnitTest name="DeleteItemAsync_Should_Remove_Existing_Item" storage="c:\users\pettugani.preethika\simple inventory tracker\backend\simpleinventorytracker.tests\bin\debug\net8.0\simpleinventorytracker.tests.dll" id="5a522a12-a255-f1ae-fbb4-d9eb98b20a10">
      <Execution id="91acac9d-5528-43a5-8feb-1fa499eb339d" />
      <TestMethod codeBase="C:\Users\Pettugani.Preethika\Simple Inventory Tracker\Backend\SimpleInventoryTracker.Tests\bin\Debug\net8.0\SimpleInventoryTracker.Tests.dll" adapterTypeName="executor://mstestadapter/v2" className="SimpleInventoryTracker.Tests.Services.ItemServiceTests" name="DeleteItemAsync_Should_Remove_Existing_Item" />
    </UnitTest>
    <UnitTest name="UpdateQuantity_ReturnsBadRequest_WhenInvalid" storage="c:\users\pettugani.preethika\simple inventory tracker\backend\simpleinventorytracker.tests\bin\debug\net8.0\simpleinventorytracker.tests.dll" id="9baffbe9-d008-d31e-ffe5-2c272e123dc7">
      <Execution id="87ad2d96-2431-42a2-846a-b8014f0a12e2" />
      <TestMethod codeBase="C:\Users\Pettugani.Preethika\Simple Inventory Tracker\Backend\SimpleInventoryTracker.Tests\bin\Debug\net8.0\SimpleInventoryTracker.Tests.dll" adapterTypeName="executor://mstestadapter/v2" className="SimpleInventoryTracker.Tests.Controllers.ItemControllerTests" name="UpdateQuantity_ReturnsBadRequest_WhenInvalid" />
    </UnitTest>
    <UnitTest name="GetItemsByCategoryAsync_Should_Filter_By_Category" storage="c:\users\pettugani.preethika\simple inventory tracker\backend\simpleinventorytracker.tests\bin\debug\net8.0\simpleinventorytracker.tests.dll" id="1cd93fa4-146d-a28b-0eff-9edc95da5d66">
      <Execution id="c53ce36b-5c9f-465c-adf5-758809e958a1" />
      <TestMethod codeBase="C:\Users\Pettugani.Preethika\Simple Inventory Tracker\Backend\SimpleInventoryTracker.Tests\bin\Debug\net8.0\SimpleInventoryTracker.Tests.dll" adapterTypeName="executor://mstestadapter/v2" className="SimpleInventoryTracker.Tests.Services.ItemServiceTests" name="GetItemsByCategoryAsync_Should_Filter_By_Category" />
    </UnitTest>
    <UnitTest name="GetAll_ReturnsOkWithItems" storage="c:\users\pettugani.preethika\simple inventory tracker\backend\simpleinventorytracker.tests\bin\debug\net8.0\simpleinventorytracker.tests.dll" id="b03d2f80-d967-18da-f131-bb2ebe1d1f56">
      <Execution id="508834e7-f2be-4fcf-aa2e-2c5604c6337b" />
      <TestMethod codeBase="C:\Users\Pettugani.Preethika\Simple Inventory Tracker\Backend\SimpleInventoryTracker.Tests\bin\Debug\net8.0\SimpleInventoryTracker.Tests.dll" adapterTypeName="executor://mstestadapter/v2" className="SimpleInventoryTracker.Tests.Controllers.ItemControllerTests" name="GetAll_ReturnsOkWithItems" />
    </UnitTest>
    <UnitTest name="UpdateItemAsync_Should_Update_All_Fields" storage="c:\users\pettugani.preethika\simple inventory tracker\backend\simpleinventorytracker.tests\bin\debug\net8.0\simpleinventorytracker.tests.dll" id="b8bc5a8b-c708-6fc0-5d59-0d31431bb1b4">
      <Execution id="19cbb203-1322-41e4-a702-648093e49094" />
      <TestMethod codeBase="C:\Users\Pettugani.Preethika\Simple Inventory Tracker\Backend\SimpleInventoryTracker.Tests\bin\Debug\net8.0\SimpleInventoryTracker.Tests.dll" adapterTypeName="executor://mstestadapter/v2" className="SimpleInventoryTracker.Tests.Services.ItemServiceTests" name="UpdateItemAsync_Should_Update_All_Fields" />
    </UnitTest>
    <UnitTest name="GetAllCategoriesAsync_Should_Return_Distinct_Categories" storage="c:\users\pettugani.preethika\simple inventory tracker\backend\simpleinventorytracker.tests\bin\debug\net8.0\simpleinventorytracker.tests.dll" id="4c1a11d1-a5b3-bdc6-37b6-d6e36f74364c">
      <Execution id="d0d137a5-8e4c-4f2a-93dc-4a97e9be7f3c" />
      <TestMethod codeBase="C:\Users\Pettugani.Preethika\Simple Inventory Tracker\Backend\SimpleInventoryTracker.Tests\bin\Debug\net8.0\SimpleInventoryTracker.Tests.dll" adapterTypeName="executor://mstestadapter/v2" className="SimpleInventoryTracker.Tests.Services.ItemServiceTests" name="GetAllCategoriesAsync_Should_Return_Distinct_Categories" />
    </UnitTest>
    <UnitTest name="CreateItemAsync_Should_Add_Item" storage="c:\users\pettugani.preethika\simple inventory tracker\backend\simpleinventorytracker.tests\bin\debug\net8.0\simpleinventorytracker.tests.dll" id="3294cd29-0e3f-7d72-018a-39f6722c5862">
      <Execution id="bf9dbdf7-a1a2-4bf0-b8f8-5dd23f074745" />
      <TestMethod codeBase="C:\Users\Pettugani.Preethika\Simple Inventory Tracker\Backend\SimpleInventoryTracker.Tests\bin\Debug\net8.0\SimpleInventoryTracker.Tests.dll" adapterTypeName="executor://mstestadapter/v2" className="SimpleInventoryTracker.Tests.Services.ItemServiceTests" name="CreateItemAsync_Should_Add_Item" />
    </UnitTest>
    <UnitTest name="GetHighStockItems_ReturnsOk" storage="c:\users\pettugani.preethika\simple inventory tracker\backend\simpleinventorytracker.tests\bin\debug\net8.0\simpleinventorytracker.tests.dll" id="53fcc8bb-36f8-1349-313a-ca712a1aaa55">
      <Execution id="177f0181-51aa-4341-ba25-c802cad03d54" />
      <TestMethod codeBase="C:\Users\Pettugani.Preethika\Simple Inventory Tracker\Backend\SimpleInventoryTracker.Tests\bin\Debug\net8.0\SimpleInventoryTracker.Tests.dll" adapterTypeName="executor://mstestadapter/v2" className="SimpleInventoryTracker.Tests.Controllers.ItemControllerTests" name="GetHighStockItems_ReturnsOk" />
    </UnitTest>
    <UnitTest name="GetById_ReturnsOk_WhenItemFound" storage="c:\users\pettugani.preethika\simple inventory tracker\backend\simpleinventorytracker.tests\bin\debug\net8.0\simpleinventorytracker.tests.dll" id="884eecbe-ba7e-37f3-6db2-b57bb3574464">
      <Execution id="9d133250-0b5e-4ebd-b4f6-e4de7ec2d505" />
      <TestMethod codeBase="C:\Users\Pettugani.Preethika\Simple Inventory Tracker\Backend\SimpleInventoryTracker.Tests\bin\Debug\net8.0\SimpleInventoryTracker.Tests.dll" adapterTypeName="executor://mstestadapter/v2" className="SimpleInventoryTracker.Tests.Controllers.ItemControllerTests" name="GetById_ReturnsOk_WhenItemFound" />
    </UnitTest>
    <UnitTest name="GetById_ReturnsNotFound_WhenItemMissing" storage="c:\users\pettugani.preethika\simple inventory tracker\backend\simpleinventorytracker.tests\bin\debug\net8.0\simpleinventorytracker.tests.dll" id="880a9c8b-361a-012a-b11d-dcd8237658fe">
      <Execution id="5ac1ebce-e438-43b5-a52b-f21a3b963a5c" />
      <TestMethod codeBase="C:\Users\Pettugani.Preethika\Simple Inventory Tracker\Backend\SimpleInventoryTracker.Tests\bin\Debug\net8.0\SimpleInventoryTracker.Tests.dll" adapterTypeName="executor://mstestadapter/v2" className="SimpleInventoryTracker.Tests.Controllers.ItemControllerTests" name="GetById_ReturnsNotFound_WhenItemMissing" />
    </UnitTest>
  </TestDefinitions>
  <TestEntries>
    <TestEntry testId="c4071e0f-2010-0583-8303-e3b1c92d069f" executionId="a11bd4dc-84d2-43c2-8ff1-f2f87067569b" testListId="8c84fa94-04c1-424b-9868-57a2d4851a1d" />
    <TestEntry testId="ef1d3225-7d1b-8470-36a0-bc1c2a38244b" executionId="a28f787d-5b73-4828-85fc-e67353b193ae" testListId="8c84fa94-04c1-424b-9868-57a2d4851a1d" />
    <TestEntry testId="4c1a11d1-a5b3-bdc6-37b6-d6e36f74364c" executionId="d0d137a5-8e4c-4f2a-93dc-4a97e9be7f3c" testListId="8c84fa94-04c1-424b-9868-57a2d4851a1d" />
    <TestEntry testId="eab44167-3faa-4cde-15e8-dfdc72846b56" executionId="5d4fab2d-8261-46ab-b775-6380ffd39b0c" testListId="8c84fa94-04c1-424b-9868-57a2d4851a1d" />
    <TestEntry testId="f6e166ff-d2f2-bc60-7840-eded48e90557" executionId="3c5a5eef-d2ad-4b92-86f0-eb0ebb5fa47a" testListId="8c84fa94-04c1-424b-9868-57a2d4851a1d" />
    <TestEntry testId="947ca4b6-776e-a782-7c89-69087d8c66cf" executionId="d6c2fccd-d3b4-41fc-bbbc-b06860f98c5d" testListId="8c84fa94-04c1-424b-9868-57a2d4851a1d" />
    <TestEntry testId="1cd93fa4-146d-a28b-0eff-9edc95da5d66" executionId="c53ce36b-5c9f-465c-adf5-758809e958a1" testListId="8c84fa94-04c1-424b-9868-57a2d4851a1d" />
    <TestEntry testId="6ee186b2-0e44-8992-6fe9-98879d026a35" executionId="9b3cd4fa-c7ff-4e91-83d7-e53de154282c" testListId="8c84fa94-04c1-424b-9868-57a2d4851a1d" />
    <TestEntry testId="880a9c8b-361a-012a-b11d-dcd8237658fe" executionId="5ac1ebce-e438-43b5-a52b-f21a3b963a5c" testListId="8c84fa94-04c1-424b-9868-57a2d4851a1d" />
    <TestEntry testId="5a522a12-a255-f1ae-fbb4-d9eb98b20a10" executionId="91acac9d-5528-43a5-8feb-1fa499eb339d" testListId="8c84fa94-04c1-424b-9868-57a2d4851a1d" />
    <TestEntry testId="01fd8323-5248-b0e1-48a0-787e439b159b" executionId="d3121325-5878-40ca-a73d-6cd193406576" testListId="8c84fa94-04c1-424b-9868-57a2d4851a1d" />
    <TestEntry testId="30d799aa-52b4-690b-e359-f3bb69cda9e8" executionId="26086df7-b595-41e8-bab7-382ec2ef1cd4" testListId="8c84fa94-04c1-424b-9868-57a2d4851a1d" />
    <TestEntry testId="ddad7940-ef84-884c-0189-d64048c167a3" executionId="b801e492-72c1-4e9c-9b98-531eccda58e6" testListId="8c84fa94-04c1-424b-9868-57a2d4851a1d" />
    <TestEntry testId="9727eb60-e010-b07a-1326-dfeefa553bcd" executionId="5e1bd639-c523-4100-8f0f-739c79389d21" testListId="8c84fa94-04c1-424b-9868-57a2d4851a1d" />
    <TestEntry testId="3294cd29-0e3f-7d72-018a-39f6722c5862" executionId="bf9dbdf7-a1a2-4bf0-b8f8-5dd23f074745" testListId="8c84fa94-04c1-424b-9868-57a2d4851a1d" />
    <TestEntry testId="a25dbdae-7c6e-c633-a49a-e0ae85d1258a" executionId="5f2ed78b-1b50-4d74-8b8d-060944b50e42" testListId="8c84fa94-04c1-424b-9868-57a2d4851a1d" />
    <TestEntry testId="b8bc5a8b-c708-6fc0-5d59-0d31431bb1b4" executionId="19cbb203-1322-41e4-a702-648093e49094" testListId="8c84fa94-04c1-424b-9868-57a2d4851a1d" />
    <TestEntry testId="b03d2f80-d967-18da-f131-bb2ebe1d1f56" executionId="508834e7-f2be-4fcf-aa2e-2c5604c6337b" testListId="8c84fa94-04c1-424b-9868-57a2d4851a1d" />
    <TestEntry testId="884eecbe-ba7e-37f3-6db2-b57bb3574464" executionId="9d133250-0b5e-4ebd-b4f6-e4de7ec2d505" testListId="8c84fa94-04c1-424b-9868-57a2d4851a1d" />
    <TestEntry testId="4bb1c181-190a-4514-72f6-7c90669f7c65" executionId="21c49075-0793-4265-8abf-feaf39b91e30" testListId="8c84fa94-04c1-424b-9868-57a2d4851a1d" />
    <TestEntry testId="5224c2af-b490-89dc-283c-a040d1ee7705" executionId="55764848-7841-4393-b606-dbb483d84fc8" testListId="8c84fa94-04c1-424b-9868-57a2d4851a1d" />
    <TestEntry testId="9baffbe9-d008-d31e-ffe5-2c272e123dc7" executionId="87ad2d96-2431-42a2-846a-b8014f0a12e2" testListId="8c84fa94-04c1-424b-9868-57a2d4851a1d" />
    <TestEntry testId="2bdd34bc-95fe-bf16-7f6b-e743ce9f9c88" executionId="95fab26e-f0c4-44db-9f2c-4065ccc03b1f" testListId="8c84fa94-04c1-424b-9868-57a2d4851a1d" />
    <TestEntry testId="9de4da9b-1172-a816-287d-f9adf71af856" executionId="671acce4-2be0-4e37-9106-849c87f3f9c7" testListId="8c84fa94-04c1-424b-9868-57a2d4851a1d" />
    <TestEntry testId="9c9a6c26-2d63-4cc3-0dfa-0f7c86f467a9" executionId="787146a1-7edc-49f2-9905-90ab906e149d" testListId="8c84fa94-04c1-424b-9868-57a2d4851a1d" />
    <TestEntry testId="88607aa5-9407-e4cb-0193-213656de90f0" executionId="ad274b6f-dea5-4dcc-ab9d-a5c70da82beb" testListId="8c84fa94-04c1-424b-9868-57a2d4851a1d" />
    <TestEntry testId="9417d89a-340b-efd2-2902-0cc84933b18a" executionId="fcf02aee-9a0d-4726-a4ee-ec1d238b0c44" testListId="8c84fa94-04c1-424b-9868-57a2d4851a1d" />
    <TestEntry testId="2fc43076-2ec6-0ad0-e769-912e1abebada" executionId="a3f35efc-1c9e-415f-aebd-2d55533c36f7" testListId="8c84fa94-04c1-424b-9868-57a2d4851a1d" />
    <TestEntry testId="53fcc8bb-36f8-1349-313a-ca712a1aaa55" executionId="177f0181-51aa-4341-ba25-c802cad03d54" testListId="8c84fa94-04c1-424b-9868-57a2d4851a1d" />
  </TestEntries>
  <TestLists>
    <TestList name="Results Not in a List" id="8c84fa94-04c1-424b-9868-57a2d4851a1d" />
    <TestList name="All Loaded Results" id="19431567-8539-422a-85d7-44ee4e166bda" />
  </TestLists>
  <ResultSummary outcome="Completed">
    <Counters total="29" executed="29" passed="29" failed="0" error="0" timeout="0" aborted="0" inconclusive="0" passedButRunAborted="0" notRunnable="0" notExecuted="0" disconnected="0" warning="0" completed="0" inProgress="0" pending="0" />
    <Output>
      <StdOut>Test Parallelization enabled for C:\Users\Pettugani.Preethika\Simple Inventory Tracker\Backend\SimpleInventoryTracker.Tests\bin\Debug\net8.0\SimpleInventoryTracker.Tests.dll (Workers: 22, Scope: MethodLevel)&#xD;
</StdOut>
    </Output>
  </ResultSummary>
</TestRun>